// Jest Snapshot v1, https://goo.gl/fbAQLP

exports[`CheckboxBasic example should render correctly 1`] = `ShallowWrapper {}`;
